// Jest Snapshot v1, https://goo.gl/fbAQLP

exports[`<StyledLinkIconsBar/> is styled correctly 1`] = `
.c0 {
  margin: 16px;
  padding: 0;
  text-align: center;
}

.c0 li {
  display: inline-block;
  margin: 16px 4px;
  padding: 0;
  font-size: 2em;
  line-height: 2em;
}

.c0 li svg {
  width: 40px;
  height: 40px;
  opacity: 0.7;
}

.c0 li svg:hover,
.c0 li svg:active {
  opacity: 1;
}

@media (max-width:968px) {
  .c0 {
    float: right;
    margin: 8px 0;
  }

  .c0 li {
    margin: 0 4px;
    padding: 0;
    font-size: 1.25em;
    line-height: 1.25em;
  }
}

<ul
  className="c0"
/>
`;
