// Jest Snapshot v1, https://goo.gl/fbAQLP

exports[`<Logo/> renders correctly 1`] = `
<Link
  replace={false}
  to="/"
>
  <styled.img
    className="logo"
    src="/images/soofka-logo-1.jpg"
  />
</Link>
`;
