// Jest Snapshot v1, https://goo.gl/fbAQLP

exports[`<StyledLogo/> is styled correctly 1`] = `
.c0 {
  float: left;
  margin: 16px;
  width: 96px;
  height: auto;
  border-radius: 32px;
}

<img
  className="c0"
/>
`;
