// Jest Snapshot v1, https://goo.gl/fbAQLP

exports[`<EntriesByTagMeta/> renders correctly 1`] = `
<_class
  languageStore={
    Object {
      "getLanguage": [Function],
      "setLanguage": [Function],
    }
  }
  tag="testTag"
/>
`;
