exports[`<LoadingCover/> renders correctly 1`] = `
<div>
  LOADING
</div>
`;
