// Jest Snapshot v1, https://goo.gl/fbAQLP

exports[`<StyledHr/> is styled correctly 1`] = `
.c0 {
  border-color: rgb(0,3,147) !important;
}

<hr
  className="c0"
/>
`;
