// Jest Snapshot v1, https://goo.gl/fbAQLP

exports[`<StyledBlog/> is styled correctly 1`] = `
.c0 {
  width: 100%;
  height: 100%;
  font-size: 18px;
  line-height: 18px;
}

<div
  className="c0"
/>
`;
