exports[`<Entry/> renders correctly 1`] = `<Component />`;
