// Jest Snapshot v1, https://goo.gl/fbAQLP

exports[`<AllEntries/> renders correctly 1`] = `
<Entries
  languageStore={
    Object {
      "getLanguage": [Function],
      "setLanguage": [Function],
    }
  }
  match={
    Object {
      "params": Object {
        "date": "testDate",
        "niceUrl": "testNiceUrl",
        "tag": "testTag",
      },
    }
  }
/>
`;
