// Jest Snapshot v1, https://goo.gl/fbAQLP

exports[`<StyledInfoSection/> is styled correctly 1`] = `
.c0 {
  position: static;
  display: inline-block;
  width: 100%;
  height: 128px;
  color: rgb(198,198,198);
  background-color: rgb(0,1,49);
  box-shadow: 0 0 8px 0 rgb(0,0,0);
}

.c0 a {
  color: rgb(198,198,198);
  -webkit-text-decoration: none;
  text-decoration: none;
}

.c0 a:hover,
.c0 a:active {
  color: rgb(246,246,246);
}

<div
  className="c0"
/>
`;
