exports[`<EntriesByTag/> renders correctly 1`] = `<Component />`;
