exports[`<Quote/> renders correctly 1`] = `
<p
  className="quote">
  <inject-_class-with-languageStore
    name="quote" />
</p>
`;
