// Jest Snapshot v1, https://goo.gl/fbAQLP

exports[`<EntryComments/> renders correctly 1`] = `
<div
  id="disqus_thread"
/>
`;
