// Jest Snapshot v1, https://goo.gl/fbAQLP

exports[`<ContentSection/> is styled correctly 1`] = `[Function]`;

exports[`<ContentSection/> renders correctly 1`] = `
<Route
  render={[Function]} />
`;
