exports[`<OneEntry/> renders correctly 1`] = `
<OneEntry
  languageStore={
    Object {
      "getLanguage": [Function],
      "setLanguage": [Function],
    }
  }
  match={
    Object {
      "params": Object {
        "date": "testDate",
        "niceUrl": "testNiceUrl",
        "tag": "testTag",
      },
    }
  } />
`;
