exports[`<Entries/> renders correctly 1`] = `<Component />`;
