// Jest Snapshot v1, https://goo.gl/fbAQLP

exports[`<StyledContentSection/> is styled correctly 1`] = `
.c0 {
  float: left;
  margin: 0 0 0;
  padding: 16px;
  width: 100%;
  height: auto;
  min-height: 100%;
  box-sizing: border-box;
  color: rgb(44,44,44);
  background-color: rgb(246,246,246);
  box-shadow: 0 0 8px 0 rgb(246,246,246);
}

.c0 a {
  color: rgb(44,44,44);
}

.c0 a:hover,
.c0 a:active {
  color: rgb(20,20,20);
}

@media (max-width:968px) {
  .c0 {
    margin: 0;
    padding: 8px;
    width: 100%;
  }
}

<div
  className="c0"
/>
`;
