exports[`<Home/> renders correctly 1`] = `<Component />`;
