exports[`<Blog/> renders correctly 1`] = `
<div
  className="blog">
  <Component />
  <withRouter() />
</div>
`;
