// Jest Snapshot v1, https://goo.gl/fbAQLP

exports[`<EntriesByDateMeta/> renders correctly 1`] = `
<_class
  date="testDate"
  languageStore={
    Object {
      "getLanguage": [Function],
      "setLanguage": [Function],
    }
  }
/>
`;
